<html>
<body>
<pre>
<h1>µVision Build Log</h1>
<h2>Tool Versions:</h2>
IDE-Version: ¦ÌVision V5.24.2.0
Copyright (C) 2017 ARM Ltd and ARM Germany GmbH. All rights reserved.
License Information: 2 SD, 1, LIC=76F5U-SC4RZ-KP0ZY-ITQFT-KXDRZ-60UWZ
 
Tool Versions:
Toolchain:       MDK-ARM Plus  Version: 5.24.1
Toolchain Path:  D:\APP download\51_stm32\keil5\ARM\ARMCC\Bin
C Compiler:      Armcc.exe V5.06 update 5 (build 528)
Assembler:       Armasm.exe V5.06 update 5 (build 528)
Linker/Locator:  ArmLink.exe V5.06 update 5 (build 528)
Library Manager: ArmAr.exe V5.06 update 5 (build 528)
Hex Converter:   FromElf.exe V5.06 update 5 (build 528)
CPU DLL:         SARMCM3.DLL V5.24.1
Dialog DLL:      DCM.DLL V1.16.0.0
Target DLL:      STLink\ST-LINKIII-KEIL_SWO.dll V3.0.1.0
Dialog DLL:      TCM.DLL V1.32.0.0
 
<h2>Project:</h2>
C:\Users\SD\Desktop\ÈéÏÙ¼ì²â´²ÏîÄ¿\stm32´úÂë\stm32¿ØÖÆZÖáÉý½µ\STM32¿ØÖÆZÖáÍÆ¸ËÉý½µ\Project.uvprojx
Project File Date:  10/06/2024

<h2>Output:</h2>
*** Using Compiler 'V5.06 update 5 (build 528)', folder: 'D:\APP download\51_stm32\keil5\ARM\ARMCC\Bin'
Build target 'Target 1'
compiling Sensor_BRT_RS485.c...
Hardware\Sensor_BRT_RS485.c(4): warning:  #177-D: variable "Get_EncoderVal"  was declared but never referenced
  static uint8_t Get_EncoderVal[] = { 0x01, 0x03, 0x00, 0x00, 0x00, 0x02, 0xC4, 0x0B };
Hardware\Sensor_BRT_RS485.c(5): warning:  #177-D: variable "Set_AutoBack"  was declared but never referenced
  static uint8_t Set_AutoBack[] = { 0x01, 0x03, 0x00, 0x00, 0x00, 0x02, 0xC4, 0x0B };
Hardware\Sensor_BRT_RS485.c: 2 warnings, 0 errors
compiling main.c...
linking...
Program Size: Code=5032 RO-data=1788 RW-data=36 ZI-data=1732  
".\Objects\Project.axf" - 0 Error(s), 2 Warning(s).

<h2>Software Packages used:</h2>

Package Vendor: Keil
                http://www.keil.com/pack/Keil.STM32F1xx_DFP.2.2.0.pack
                Keil.STM32F1xx_DFP.2.2.0
                STMicroelectronics STM32F1 Series Device Support, Drivers and Examples

<h2>Collection of Component include folders:</h2>
  .\RTE\_Target_1
  D:\APP download\51_stm32\keil5\ARM\PACK\Keil\STM32F1xx_DFP\2.2.0\Device\Include

<h2>Collection of Component Files used:</h2>
Build Time Elapsed:  00:00:01
</pre>
</body>
</html>
